  console.log
    [MidiOutput] MIDI Access initialized

      at log (src/midi-output.js:16:17)

  console.log
    [MidiOutput] Output set to: Contract Test Synth

      at log (src/midi-output.js:42:17)

node.exe : FAIL tests/functional-contract.test.js
At line:1 char:1
+ & "C:\Program Files\nodejs/node.exe" 
"C:\Program Files\nodejs/node_mo ...
+ ~~~~~~~~~~~~~~~~~~~~~~~~~~~~~~~~~~~~~~~~~~~~~~~
~~~~~~~~~~~~~~~~~~~~~~
    + CategoryInfo          : NotSpecified: (FAI 
   L tests/functional-contract.test.js:String)   
  [], RemoteException
    + FullyQualifiedErrorId : NativeCommandError
 
  FUNCTIONAL CONTRACT: Core Capabilities
    ├ù CONTRACT-34: playProgression emits NoteOn 
messages (102 ms)
    Γùï skipped CONTRACT-1: Renderer modules 
load without error
    Γùï skipped CONTRACT-2: All required UI 
elements exist in index.html
    Γùï skipped CONTRACT-3: MIDI input device 
list populates after init
    Γùï skipped CONTRACT-4: MIDI device can be 
selected and input set
    Γùï skipped CONTRACT-5: Note On/Off events 
update active note state
    Γùï skipped CONTRACT-6: Chord detection 
works for standard triads and 7ths
    Γùï skipped CONTRACT-7: Key detection infers 
key from chord history
    Γùï skipped CONTRACT-8: MidiManager emits 
events for MIDI messages
    Γùï skipped CONTRACT-9: MidiManager can 
re-initialize (refresh behavior)
    Γùï skipped PIPELINE: MIDI ΓåÆ Notes ΓåÆ 
Chord ΓåÆ Key (full loop)
    Γùï skipped CONTRACT-10: Clicking first 
entry locks progression
    Γùï skipped CONTRACT-11: Post-lock chords do 
not overwrite progression[0]
    Γùï skipped CONTRACT-12: Clear resets flags 
and enables reseed
    Γùï skipped CONTRACT-13: Export contains 
correct number of chord blocks
    Γùï skipped CONTRACT-14: Each chord produces 
>= 3 NoteOn events
    Γùï skipped CONTRACT-15: NoteOff events 
present after NoteOn events
    Γùï skipped CONTRACT-16: 
detectModeFromChords(Dm/G/C) ΓåÆ C Ionian
    Γùï skipped CONTRACT-17: 
detectModeFromChords(Cm/F/Bb) ΓåÆ C Dorian
    Γùï skipped CONTRACT-18: applyExtension("C 
Major", "Maj7") ΓåÆ "C Maj7"
    Γùï skipped CONTRACT-19: applyExtension on 
slot preserves index and transforms chord
    Γùï skipped CONTRACT-20: ModeLock selection 
alters suggestModalNextChords output
    Γùï skipped CONTRACT-21: buildVoicing("C 
Major", "Root Only", 4) ΓåÆ [60]
    Γùï skipped CONTRACT-22: buildVoicing("C 
Major", "Root + 5th", 4) ΓåÆ [60, 67]
    Γùï skipped CONTRACT-23: 
exportProgressionToMidi with register "Mid" ΓåÆ 
valid MIDI
    Γùï skipped CONTRACT-24: Blues Minor/Major 
scales exist with correct intervals
    Γùï skipped CONTRACT-25: Exotic scales exist 
with correct intervals
    Γùï skipped CONTRACT-26: applyExtension("C 
Sus2", "add9") returns valid chord
    Γùï skipped CONTRACT-27: applyExtension("C 
Sus4", "add6") returns valid chord
    Γùï skipped CONTRACT-28: applyExtension("C 
Sus4", "no5") returns valid chord
    Γùï skipped CONTRACT-29: applyExtension("C 
Sus2", "Maj7") returns null
    Γùï skipped CONTRACT-30: applyExtension("C 
5", "add11") returns valid chord
    Γùï skipped CONTRACT-31: 
calculateVoiceLeadingCost short distance checks
    Γùï skipped CONTRACT-32: suggestNextChords 
prefers stepwise motion
    Γùï skipped CONTRACT-33: Background 
selection persists in localStorage
    Γùï skipped CONTRACT-35: NoteOff messages 
follow NoteOn within duration
    Γùï skipped CONTRACT-36: Active output state 
matches selection
    Γùï skipped CONTRACT-37: Empty progression 
triggers no output events

  ΓùÅ FUNCTIONAL CONTRACT: Core Capabilities ΓÇ║ 
CONTRACT-34: playProgression emits NoteOn 
messages

    TypeError: Cannot read properties of 
undefined (reading 'forEach')

    [0m [90m 111 |[39m         [90m// So 
notes are root + s.[39m
     [90m 112 |[39m
    [31m[1m>[22m[39m[90m 113 |[39m         
metadata[33m.[39msemitones[33m.[39mforEach(s 
[33m=>[39m {
     [90m     |[39m                            
[31m[1m^[22m[39m
     [90m 114 |[39m             [36mif[39m 
(s [33m===[39m [35m0[39m) 
[36mreturn[39m[33m;[39m [90m// Root already 
added[39m
     [90m 115 |[39m             
notes[33m.[39mpush(rootNote [33m+[39m 
s)[33m;[39m
     [90m 116 |[39m         })[33m;[39m[0m

      at forEach (src/midi-output.js:113:28)
          at Array.forEach (<anonymous>)
      at forEach (src/midi-output.js:70:17)
      at Object.playProgression 
(tests/functional-contract.test.js:770:9)

Test Suites: 1 failed, 1 total
Tests:       1 failed, 37 skipped, 38 total
Snapshots:   0 total
Time:        0.789 s, estimated 1 s
Ran all test suites matching 
tests/functional-contract.test.js with tests 
matching "CONTRACT-34".
